// Vitest Snapshot v1, https://vitest.dev/guide/snapshot.html

exports[`<Posts/> > should match snapshot 1`] = `
<div
  class="posts"
>
  <div
    class="post"
  >
    <img
      alt="title"
      src="img/img.png"
    />
    <div
      class="post-content"
    >
      <h2>
        title
         
        1
      </h2>
      <p>
        body 1
      </p>
    </div>
  </div>
  <div
    class="post"
  >
    <img
      alt="title 2"
      src="img/img.png 2"
    />
    <div
      class="post-content"
    >
      <h2>
        title 2
         
        2
      </h2>
      <p>
        body 2
      </p>
    </div>
  </div>
  <div
    class="post"
  >
    <img
      alt="title 3"
      src="img/img.png 3"
    />
    <div
      class="post-content"
    >
      <h2>
        title 3
         
        3
      </h2>
      <p>
        body 3
      </p>
    </div>
  </div>
</div>
`;
