// Vitest Snapshot v1, https://vitest.dev/guide/snapshot.html

exports[`<TextInput/> > should match snapshot 1`] = `
<div>
  <input
    class="text-input"
    placeholder="Type your search"
    type="search"
    value=""
  />
</div>
`;
